11:32:47 **** Build of configuration Debug for project axi_led ****
make pre-build main-build 
a9-linaro-pre-build-step
' '
'Building file: ../src/helloworld.c'
'Invoking: ARM v7 gcc compiler'
arm-none-eabi-gcc -Wall -O0 -g3 -c -fmessage-length=0 -MT"src/helloworld.o" -mcpu=cortex-a9 -mfpu=vfpv3 -mfloat-abi=hard -I../../axi_led_bsp/ps7_cortexa9_0/include -MMD -MP -MF"src/helloworld.d" -MT"src/helloworld.o" -o "src/helloworld.o" "../src/helloworld.c"
../src/helloworld.c: In function 'main':
../src/helloworld.c:143:2: warning: implicit declaration of function 'printf' [-Wimplicit-function-declaration]
  printf("Successfully ran Gpio Example\r\n");
  ^~~~~~
../src/helloworld.c:143:2: warning: incompatible implicit declaration of built-in function 'printf'
../src/helloworld.c:143:2: note: include '<stdio.h>' or provide a declaration of 'printf'
../src/helloworld.c:64:1:
+#include <stdio.h>
 
../src/helloworld.c:143:2:
  printf("Successfully ran Gpio Example\r\n");
  ^~~~~~
../src/helloworld.c:165:3: warning: implicit declaration of function 'sleep'; did you mean 'strsep'? [-Wimplicit-function-declaration]
   sleep(1);
   ^~~~~
   strsep
../src/helloworld.c:145:15: warning: unused variable 'Delay' [-Wunused-variable]
  volatile int Delay;
               ^~~~~
'Finished building: ../src/helloworld.c'
' '
'Building file: ../src/platform.c'
'Invoking: ARM v7 gcc compiler'
arm-none-eabi-gcc -Wall -O0 -g3 -c -fmessage-length=0 -MT"src/platform.o" -mcpu=cortex-a9 -mfpu=vfpv3 -mfloat-abi=hard -I../../axi_led_bsp/ps7_cortexa9_0/include -MMD -MP -MF"src/platform.d" -MT"src/platform.o" -o "src/platform.o" "../src/platform.c"
'Finished building: ../src/platform.c'
' '
'Building target: axi_led.elf'
'Invoking: ARM v7 gcc linker'
arm-none-eabi-gcc -mcpu=cortex-a9 -mfpu=vfpv3 -mfloat-abi=hard -Wl,-build-id=none -specs=Xilinx.spec -Wl,-T -Wl,../src/lscript.ld -L../../axi_led_bsp/ps7_cortexa9_0/lib -o "axi_led.elf"  ./src/helloworld.o ./src/platform.o   -Wl,--start-group,-lxil,-lgcc,-lc,--end-group
'Finished building target: axi_led.elf'
' '
'Invoking: ARM v7 Print Size'
arm-none-eabi-size axi_led.elf  |tee "axi_led.elf.size"
   text	   data	    bss	    dec	    hex	filename
  30564	   2216	  22664	  55444	   d894	axi_led.elf
'Finished building: axi_led.elf.size'
' '

11:32:53 Build Finished (took 5s.157ms)

