15:03:17 **** Auto Build of configuration Debug for project Lidar3Dbuild_Bsp_xgpio_example_1 ****
make pre-build main-build 
a9-linaro-pre-build-step
' '
'Building file: ../src/xgpio_example.c'
'Invoking: ARM v7 gcc compiler'
arm-none-eabi-gcc -Wall -O0 -g3 -c -fmessage-length=0 -MT"src/xgpio_example.o" -mcpu=cortex-a9 -mfpu=vfpv3 -mfloat-abi=hard -I../../Lidar3Dbuild_Bsp/ps7_cortexa9_0/include -MMD -MP -MF"src/xgpio_example.d" -MT"src/xgpio_example.o" -o "src/xgpio_example.o" "../src/xgpio_example.c"
'Finished building: ../src/xgpio_example.c'
' '
'Building target: Lidar3Dbuild_Bsp_xgpio_example_1.elf'
'Invoking: ARM v7 gcc linker'
arm-none-eabi-gcc -mcpu=cortex-a9 -mfpu=vfpv3 -mfloat-abi=hard -Wl,-build-id=none -specs=Xilinx.spec -Wl,-T -Wl,../src/lscript.ld -L../../Lidar3Dbuild_Bsp/ps7_cortexa9_0/lib -o "Lidar3Dbuild_Bsp_xgpio_example_1.elf"  ./src/xgpio_example.o   -Wl,--start-group,-lxil,-lgcc,-lc,--end-group -Wl,--start-group,-lxil,-llwip4,-lgcc,-lc,--end-group -Wl,--start-group,-lxilffs,-lxil,-lgcc,-lc,--end-group
'Finished building target: Lidar3Dbuild_Bsp_xgpio_example_1.elf'
' '
'Invoking: ARM v7 Print Size'
arm-none-eabi-size Lidar3Dbuild_Bsp_xgpio_example_1.elf  |tee "Lidar3Dbuild_Bsp_xgpio_example_1.elf.size"
   text	   data	    bss	    dec	    hex	filename
  31028	   1560	  23288	  55876	   da44	Lidar3Dbuild_Bsp_xgpio_example_1.elf
'Finished building: Lidar3Dbuild_Bsp_xgpio_example_1.elf.size'
' '

15:03:21 Build Finished (took 4s.682ms)

